   Ôû▓ Next.js 15.5.18

   Creating an optimized production build ...
 Ô£ô Compiled successfully in 16.3s
   Linting and checking validity of types ...
   Collecting page data ...
   Generating static pages (0/12) ...
node : Error occurred prerendering page "/_not-found". Read more: 
https://nextjs.org/docs/messages/prerender-error
En línea: 1 Carácter: 61
+ ... ce .next }; node .\node_modules\next\dist\bin\next build *> build-out ...
+                 ~~~~~~~~~~~~~~~~~~~~~~~~~~~~~~~~~~~~~~~~~~~~~~~~~~~~~~~~~
    + CategoryInfo          : NotSpecified: (Error occurred ...prerender-error 
   :String) [], RemoteException
    + FullyQualifiedErrorId : NativeCommandError
 
TypeError: Cannot read properties of null (reading 'useContext')
    at b.useContext 
(C:\Users\Usuario\Documents\bvctapp\.next\server\chunks\258.js:1:57715)
    at B 
(C:\Users\Usuario\Documents\bvctapp\.next\server\chunks\258.js:9:55585) {
  digest: '2903448743'
}
Export encountered an error on /_not-found/page: /_not-found, exiting the 
build.
 Ô¿» Next.js build worker exited with code: 1 and signal: null
